Archive member included because of file (symbol)

d:/programs/eclipse_c/avr_tools/bin/../lib/gcc/avr/4.8.1/avr5\libgcc.a(_exit.o)
                              d:/programs/eclipse_c/avr_tools/bin/../lib/gcc/avr/4.8.1/../../../../avr/lib/avr5/crtm16.o (exit)
d:/programs/eclipse_c/avr_tools/bin/../lib/gcc/avr/4.8.1/avr5\libgcc.a(_clear_bss.o)
                              ./Source.o (__do_clear_bss)

Discarded input sections

 .data          0x00000000        0x0 d:/programs/eclipse_c/avr_tools/bin/../lib/gcc/avr/4.8.1/../../../../avr/lib/avr5/crtm16.o
 .bss           0x00000000        0x0 d:/programs/eclipse_c/avr_tools/bin/../lib/gcc/avr/4.8.1/../../../../avr/lib/avr5/crtm16.o
 .text          0x00000000        0x0 ./Source.o
 .data          0x00000000        0x0 ./Source.o
 .bss           0x00000000        0x0 ./Source.o
 .bss.x         0x00000000        0x1 ./Source.o
 .text          0x00000000        0x0 d:/programs/eclipse_c/avr_tools/bin/../lib/gcc/avr/4.8.1/avr5\libgcc.a(_exit.o)
 .data          0x00000000        0x0 d:/programs/eclipse_c/avr_tools/bin/../lib/gcc/avr/4.8.1/avr5\libgcc.a(_exit.o)
 .bss           0x00000000        0x0 d:/programs/eclipse_c/avr_tools/bin/../lib/gcc/avr/4.8.1/avr5\libgcc.a(_exit.o)
 .text.libgcc.mul
                0x00000000        0x0 d:/programs/eclipse_c/avr_tools/bin/../lib/gcc/avr/4.8.1/avr5\libgcc.a(_exit.o)
 .text.libgcc.div
                0x00000000        0x0 d:/programs/eclipse_c/avr_tools/bin/../lib/gcc/avr/4.8.1/avr5\libgcc.a(_exit.o)
 .text.libgcc   0x00000000        0x0 d:/programs/eclipse_c/avr_tools/bin/../lib/gcc/avr/4.8.1/avr5\libgcc.a(_exit.o)
 .text.libgcc.prologue
                0x00000000        0x0 d:/programs/eclipse_c/avr_tools/bin/../lib/gcc/avr/4.8.1/avr5\libgcc.a(_exit.o)
 .text.libgcc.builtins
                0x00000000        0x0 d:/programs/eclipse_c/avr_tools/bin/../lib/gcc/avr/4.8.1/avr5\libgcc.a(_exit.o)
 .text.libgcc.fmul
                0x00000000        0x0 d:/programs/eclipse_c/avr_tools/bin/../lib/gcc/avr/4.8.1/avr5\libgcc.a(_exit.o)
 .text.libgcc.fixed
                0x00000000        0x0 d:/programs/eclipse_c/avr_tools/bin/../lib/gcc/avr/4.8.1/avr5\libgcc.a(_exit.o)
 .text          0x00000000        0x0 d:/programs/eclipse_c/avr_tools/bin/../lib/gcc/avr/4.8.1/avr5\libgcc.a(_clear_bss.o)
 .data          0x00000000        0x0 d:/programs/eclipse_c/avr_tools/bin/../lib/gcc/avr/4.8.1/avr5\libgcc.a(_clear_bss.o)
 .bss           0x00000000        0x0 d:/programs/eclipse_c/avr_tools/bin/../lib/gcc/avr/4.8.1/avr5\libgcc.a(_clear_bss.o)
 .text.libgcc.mul
                0x00000000        0x0 d:/programs/eclipse_c/avr_tools/bin/../lib/gcc/avr/4.8.1/avr5\libgcc.a(_clear_bss.o)
 .text.libgcc.div
                0x00000000        0x0 d:/programs/eclipse_c/avr_tools/bin/../lib/gcc/avr/4.8.1/avr5\libgcc.a(_clear_bss.o)
 .text.libgcc   0x00000000        0x0 d:/programs/eclipse_c/avr_tools/bin/../lib/gcc/avr/4.8.1/avr5\libgcc.a(_clear_bss.o)
 .text.libgcc.prologue
                0x00000000        0x0 d:/programs/eclipse_c/avr_tools/bin/../lib/gcc/avr/4.8.1/avr5\libgcc.a(_clear_bss.o)
 .text.libgcc.builtins
                0x00000000        0x0 d:/programs/eclipse_c/avr_tools/bin/../lib/gcc/avr/4.8.1/avr5\libgcc.a(_clear_bss.o)
 .text.libgcc.fmul
                0x00000000        0x0 d:/programs/eclipse_c/avr_tools/bin/../lib/gcc/avr/4.8.1/avr5\libgcc.a(_clear_bss.o)
 .text.libgcc.fixed
                0x00000000        0x0 d:/programs/eclipse_c/avr_tools/bin/../lib/gcc/avr/4.8.1/avr5\libgcc.a(_clear_bss.o)

Memory Configuration

Name             Origin             Length             Attributes
text             0x00000000         0x00020000         xr
data             0x00800060         0x0000ffa0         rw !x
eeprom           0x00810000         0x00010000         rw !x
fuse             0x00820000         0x00000400         rw !x
lock             0x00830000         0x00000400         rw !x
signature        0x00840000         0x00000400         rw !x
user_signatures  0x00850000         0x00000400         rw !x
*default*        0x00000000         0xffffffff

Linker script and memory map

LOAD d:/programs/eclipse_c/avr_tools/bin/../lib/gcc/avr/4.8.1/../../../../avr/lib/avr5/crtm16.o
LOAD ./Source.o
LOAD d:/programs/eclipse_c/avr_tools/bin/../lib/gcc/avr/4.8.1/avr5\libgcc.a
LOAD d:/programs/eclipse_c/avr_tools/bin/../lib/gcc/avr/4.8.1/../../../../avr/lib/avr5\libm.a
START GROUP
LOAD d:/programs/eclipse_c/avr_tools/bin/../lib/gcc/avr/4.8.1/avr5\libgcc.a
LOAD d:/programs/eclipse_c/avr_tools/bin/../lib/gcc/avr/4.8.1/../../../../avr/lib/avr5\libm.a
LOAD d:/programs/eclipse_c/avr_tools/bin/../lib/gcc/avr/4.8.1/../../../../avr/lib/avr5\libc.a
END GROUP

.hash
 *(.hash)

.dynsym
 *(.dynsym)

.dynstr
 *(.dynstr)

.gnu.version
 *(.gnu.version)

.gnu.version_d
 *(.gnu.version_d)

.gnu.version_r
 *(.gnu.version_r)

.rel.init
 *(.rel.init)

.rela.init
 *(.rela.init)

.rel.text
 *(.rel.text)
 *(.rel.text.*)
 *(.rel.gnu.linkonce.t*)

.rela.text
 *(.rela.text)
 *(.rela.text.*)
 *(.rela.gnu.linkonce.t*)

.rel.fini
 *(.rel.fini)

.rela.fini
 *(.rela.fini)

.rel.rodata
 *(.rel.rodata)
 *(.rel.rodata.*)
 *(.rel.gnu.linkonce.r*)

.rela.rodata
 *(.rela.rodata)
 *(.rela.rodata.*)
 *(.rela.gnu.linkonce.r*)

.rel.data
 *(.rel.data)
 *(.rel.data.*)
 *(.rel.gnu.linkonce.d*)

.rela.data
 *(.rela.data)
 *(.rela.data.*)
 *(.rela.gnu.linkonce.d*)

.rel.ctors
 *(.rel.ctors)

.rela.ctors
 *(.rela.ctors)

.rel.dtors
 *(.rel.dtors)

.rela.dtors
 *(.rela.dtors)

.rel.got
 *(.rel.got)

.rela.got
 *(.rela.got)

.rel.bss
 *(.rel.bss)

.rela.bss
 *(.rela.bss)

.rel.plt
 *(.rel.plt)

.rela.plt
 *(.rela.plt)

.text           0x00000000      0x14c
 *(.vectors)
 .vectors       0x00000000       0x54 d:/programs/eclipse_c/avr_tools/bin/../lib/gcc/avr/4.8.1/../../../../avr/lib/avr5/crtm16.o
                0x00000000                __vector_default
                0x00000000                __vectors
 *(.vectors)
 *(.progmem.gcc*)
                0x00000054                . = ALIGN (0x2)
                0x00000054                __trampolines_start = .
 *(.trampolines)
 .trampolines   0x00000054        0x0 linker stubs
 *(.trampolines*)
                0x00000054                __trampolines_end = .
 *(.progmem*)
                0x00000054                . = ALIGN (0x2)
 *(.jumptables)
 *(.jumptables*)
 *(.lowtext)
 *(.lowtext*)
                0x00000054                __ctors_start = .
 *(.ctors)
                0x00000054                __ctors_end = .
                0x00000054                __dtors_start = .
 *(.dtors)
                0x00000054                __dtors_end = .
 SORT(*)(.ctors)
 SORT(*)(.dtors)
 *(.init0)
 .init0         0x00000054        0x0 d:/programs/eclipse_c/avr_tools/bin/../lib/gcc/avr/4.8.1/../../../../avr/lib/avr5/crtm16.o
                0x00000054                __init
 *(.init0)
 *(.init1)
 *(.init1)
 *(.init2)
 .init2         0x00000054        0xc d:/programs/eclipse_c/avr_tools/bin/../lib/gcc/avr/4.8.1/../../../../avr/lib/avr5/crtm16.o
 *(.init2)
 *(.init3)
 *(.init3)
 *(.init4)
 .init4         0x00000060       0x10 d:/programs/eclipse_c/avr_tools/bin/../lib/gcc/avr/4.8.1/avr5\libgcc.a(_clear_bss.o)
                0x00000060                __do_clear_bss
 *(.init4)
 *(.init5)
 *(.init5)
 *(.init6)
 *(.init6)
 *(.init7)
 *(.init7)
 *(.init8)
 *(.init8)
 *(.init9)
 .init9         0x00000070        0x4 d:/programs/eclipse_c/avr_tools/bin/../lib/gcc/avr/4.8.1/../../../../avr/lib/avr5/crtm16.o
 *(.init9)
 *(.text)
 .text          0x00000074        0x2 d:/programs/eclipse_c/avr_tools/bin/../lib/gcc/avr/4.8.1/../../../../avr/lib/avr5/crtm16.o
                0x00000074                __vector_1
                0x00000074                __vector_12
                0x00000074                __bad_interrupt
                0x00000074                __vector_6
                0x00000074                __vector_3
                0x00000074                __vector_11
                0x00000074                __vector_13
                0x00000074                __vector_17
                0x00000074                __vector_19
                0x00000074                __vector_7
                0x00000074                __vector_5
                0x00000074                __vector_4
                0x00000074                __vector_2
                0x00000074                __vector_15
                0x00000074                __vector_8
                0x00000074                __vector_14
                0x00000074                __vector_10
                0x00000074                __vector_16
                0x00000074                __vector_18
                0x00000074                __vector_20
                0x00000076                . = ALIGN (0x2)
 *(.text.*)
 .text._Z14configure_pinsv
                0x00000076       0x14 ./Source.o
                0x00000076                _Z14configure_pinsv
 .text._Z15configure_timerv
                0x0000008a        0xc ./Source.o
                0x0000008a                _Z15configure_timerv
 .text.__vector_9
                0x00000096       0x5a ./Source.o
                0x00000096                __vector_9
 .text.main     0x000000f0       0x58 ./Source.o
                0x000000f0                main
                0x00000148                . = ALIGN (0x2)
 *(.fini9)
 .fini9         0x00000148        0x0 d:/programs/eclipse_c/avr_tools/bin/../lib/gcc/avr/4.8.1/avr5\libgcc.a(_exit.o)
                0x00000148                _exit
                0x00000148                exit
 *(.fini9)
 *(.fini8)
 *(.fini8)
 *(.fini7)
 *(.fini7)
 *(.fini6)
 *(.fini6)
 *(.fini5)
 *(.fini5)
 *(.fini4)
 *(.fini4)
 *(.fini3)
 *(.fini3)
 *(.fini2)
 *(.fini2)
 *(.fini1)
 *(.fini1)
 *(.fini0)
 .fini0         0x00000148        0x4 d:/programs/eclipse_c/avr_tools/bin/../lib/gcc/avr/4.8.1/avr5\libgcc.a(_exit.o)
 *(.fini0)
                0x0000014c                _etext = .

.data           0x00800060        0x0 load address 0x0000014c
                0x00800060                PROVIDE (__data_start, .)
 *(.data)
 *(.data*)
 *(.rodata)
 *(.rodata*)
 *(.gnu.linkonce.d*)
                0x00800060                . = ALIGN (0x2)
                0x00800060                _edata = .
                0x00800060                PROVIDE (__data_end, .)

.bss            0x00800060        0x3
                0x00800060                PROVIDE (__bss_start, .)
 *(.bss)
 *(.bss*)
 .bss.check     0x00800060        0x1 ./Source.o
                0x00800060                check
 .bss.z         0x00800061        0x1 ./Source.o
                0x00800061                z
 .bss.y         0x00800062        0x1 ./Source.o
                0x00800062                y
 *(COMMON)
                0x00800063                PROVIDE (__bss_end, .)
                0x0000014c                __data_load_start = LOADADDR (.data)
                0x0000014c                __data_load_end = (__data_load_start + SIZEOF (.data))

.noinit         0x00800063        0x0
                0x00800063                PROVIDE (__noinit_start, .)
 *(.noinit*)
                0x00800063                PROVIDE (__noinit_end, .)
                0x00800063                _end = .
                0x00800063                PROVIDE (__heap_start, .)

.eeprom         0x00810000        0x0
 *(.eeprom*)
                0x00810000                __eeprom_end = .

.fuse
 *(.fuse)
 *(.lfuse)
 *(.hfuse)
 *(.efuse)

.lock
 *(.lock*)

.signature
 *(.signature*)

.user_signatures
 *(.user_signatures*)

.stab           0x00000000      0x684
 *(.stab)
 .stab          0x00000000      0x684 ./Source.o

.stabstr        0x00000000      0xcf7
 *(.stabstr)
 .stabstr       0x00000000      0xcf7 ./Source.o

.stab.excl
 *(.stab.excl)

.stab.exclstr
 *(.stab.exclstr)

.stab.index
 *(.stab.index)

.stab.indexstr
 *(.stab.indexstr)

.comment        0x00000000       0x30
 *(.comment)
 .comment       0x00000000       0x30 ./Source.o
                                 0x31 (size before relaxing)

.note.gnu.build-id
 *(.note.gnu.build-id)

.debug
 *(.debug)

.line
 *(.line)

.debug_srcinfo
 *(.debug_srcinfo)

.debug_sfnames
 *(.debug_sfnames)

.debug_aranges
 *(.debug_aranges)

.debug_pubnames
 *(.debug_pubnames)

.debug_info
 *(.debug_info .gnu.linkonce.wi.*)

.debug_abbrev
 *(.debug_abbrev)

.debug_line
 *(.debug_line .debug_line.* .debug_line_end)

.debug_frame
 *(.debug_frame)

.debug_str
 *(.debug_str)

.debug_loc
 *(.debug_loc)

.debug_macinfo
 *(.debug_macinfo)

.debug_weaknames
 *(.debug_weaknames)

.debug_funcnames
 *(.debug_funcnames)

.debug_typenames
 *(.debug_typenames)

.debug_varnames
 *(.debug_varnames)

.debug_pubtypes
 *(.debug_pubtypes)

.debug_ranges
 *(.debug_ranges)

.debug_macro
 *(.debug_macro)
OUTPUT(AVR_car.elf elf32-avr)
LOAD linker stubs

Cross Reference Table

Symbol                                            File
__bad_interrupt                                   d:/programs/eclipse_c/avr_tools/bin/../lib/gcc/avr/4.8.1/../../../../avr/lib/avr5/crtm16.o
__bss_end                                         d:/programs/eclipse_c/avr_tools/bin/../lib/gcc/avr/4.8.1/avr5\libgcc.a(_clear_bss.o)
__bss_start                                       d:/programs/eclipse_c/avr_tools/bin/../lib/gcc/avr/4.8.1/avr5\libgcc.a(_clear_bss.o)
__do_clear_bss                                    d:/programs/eclipse_c/avr_tools/bin/../lib/gcc/avr/4.8.1/avr5\libgcc.a(_clear_bss.o)
                                                  ./Source.o
__heap_end                                        d:/programs/eclipse_c/avr_tools/bin/../lib/gcc/avr/4.8.1/../../../../avr/lib/avr5/crtm16.o
__init                                            d:/programs/eclipse_c/avr_tools/bin/../lib/gcc/avr/4.8.1/../../../../avr/lib/avr5/crtm16.o
__stack                                           d:/programs/eclipse_c/avr_tools/bin/../lib/gcc/avr/4.8.1/../../../../avr/lib/avr5/crtm16.o
__vector_1                                        d:/programs/eclipse_c/avr_tools/bin/../lib/gcc/avr/4.8.1/../../../../avr/lib/avr5/crtm16.o
__vector_10                                       d:/programs/eclipse_c/avr_tools/bin/../lib/gcc/avr/4.8.1/../../../../avr/lib/avr5/crtm16.o
__vector_11                                       d:/programs/eclipse_c/avr_tools/bin/../lib/gcc/avr/4.8.1/../../../../avr/lib/avr5/crtm16.o
__vector_12                                       d:/programs/eclipse_c/avr_tools/bin/../lib/gcc/avr/4.8.1/../../../../avr/lib/avr5/crtm16.o
__vector_13                                       d:/programs/eclipse_c/avr_tools/bin/../lib/gcc/avr/4.8.1/../../../../avr/lib/avr5/crtm16.o
__vector_14                                       d:/programs/eclipse_c/avr_tools/bin/../lib/gcc/avr/4.8.1/../../../../avr/lib/avr5/crtm16.o
__vector_15                                       d:/programs/eclipse_c/avr_tools/bin/../lib/gcc/avr/4.8.1/../../../../avr/lib/avr5/crtm16.o
__vector_16                                       d:/programs/eclipse_c/avr_tools/bin/../lib/gcc/avr/4.8.1/../../../../avr/lib/avr5/crtm16.o
__vector_17                                       d:/programs/eclipse_c/avr_tools/bin/../lib/gcc/avr/4.8.1/../../../../avr/lib/avr5/crtm16.o
__vector_18                                       d:/programs/eclipse_c/avr_tools/bin/../lib/gcc/avr/4.8.1/../../../../avr/lib/avr5/crtm16.o
__vector_19                                       d:/programs/eclipse_c/avr_tools/bin/../lib/gcc/avr/4.8.1/../../../../avr/lib/avr5/crtm16.o
__vector_2                                        d:/programs/eclipse_c/avr_tools/bin/../lib/gcc/avr/4.8.1/../../../../avr/lib/avr5/crtm16.o
__vector_20                                       d:/programs/eclipse_c/avr_tools/bin/../lib/gcc/avr/4.8.1/../../../../avr/lib/avr5/crtm16.o
__vector_3                                        d:/programs/eclipse_c/avr_tools/bin/../lib/gcc/avr/4.8.1/../../../../avr/lib/avr5/crtm16.o
__vector_4                                        d:/programs/eclipse_c/avr_tools/bin/../lib/gcc/avr/4.8.1/../../../../avr/lib/avr5/crtm16.o
__vector_5                                        d:/programs/eclipse_c/avr_tools/bin/../lib/gcc/avr/4.8.1/../../../../avr/lib/avr5/crtm16.o
__vector_6                                        d:/programs/eclipse_c/avr_tools/bin/../lib/gcc/avr/4.8.1/../../../../avr/lib/avr5/crtm16.o
__vector_7                                        d:/programs/eclipse_c/avr_tools/bin/../lib/gcc/avr/4.8.1/../../../../avr/lib/avr5/crtm16.o
__vector_8                                        d:/programs/eclipse_c/avr_tools/bin/../lib/gcc/avr/4.8.1/../../../../avr/lib/avr5/crtm16.o
__vector_9                                        ./Source.o
                                                  d:/programs/eclipse_c/avr_tools/bin/../lib/gcc/avr/4.8.1/../../../../avr/lib/avr5/crtm16.o
__vector_default                                  d:/programs/eclipse_c/avr_tools/bin/../lib/gcc/avr/4.8.1/../../../../avr/lib/avr5/crtm16.o
__vectors                                         d:/programs/eclipse_c/avr_tools/bin/../lib/gcc/avr/4.8.1/../../../../avr/lib/avr5/crtm16.o
_exit                                             d:/programs/eclipse_c/avr_tools/bin/../lib/gcc/avr/4.8.1/avr5\libgcc.a(_exit.o)
check                                             ./Source.o
configure_pins()                                  ./Source.o
configure_timer()                                 ./Source.o
exit                                              d:/programs/eclipse_c/avr_tools/bin/../lib/gcc/avr/4.8.1/avr5\libgcc.a(_exit.o)
                                                  d:/programs/eclipse_c/avr_tools/bin/../lib/gcc/avr/4.8.1/../../../../avr/lib/avr5/crtm16.o
main                                              ./Source.o
                                                  d:/programs/eclipse_c/avr_tools/bin/../lib/gcc/avr/4.8.1/../../../../avr/lib/avr5/crtm16.o
x                                                 ./Source.o
y                                                 ./Source.o
z                                                 ./Source.o
