Archive member included because of file (symbol)

d:/programs/eclipse_c/avr_tools/bin/../lib/gcc/avr/4.8.1/avr5\libgcc.a(_exit.o)
                              d:/programs/eclipse_c/avr_tools/bin/../lib/gcc/avr/4.8.1/../../../../avr/lib/avr5/crtm16.o (exit)
d:/programs/eclipse_c/avr_tools/bin/../lib/gcc/avr/4.8.1/avr5\libgcc.a(_tablejump.o)
                              ./detector.o (__tablejump2__)
d:/programs/eclipse_c/avr_tools/bin/../lib/gcc/avr/4.8.1/avr5\libgcc.a(_copy_data.o)
                              ./detector.o (__do_copy_data)
d:/programs/eclipse_c/avr_tools/bin/../lib/gcc/avr/4.8.1/avr5\libgcc.a(_clear_bss.o)
                              ./detector.o (__do_clear_bss)

Discarded input sections

 .data          0x00000000        0x0 d:/programs/eclipse_c/avr_tools/bin/../lib/gcc/avr/4.8.1/../../../../avr/lib/avr5/crtm16.o
 .bss           0x00000000        0x0 d:/programs/eclipse_c/avr_tools/bin/../lib/gcc/avr/4.8.1/../../../../avr/lib/avr5/crtm16.o
 .text          0x00000000        0x0 ./detector.o
 .data          0x00000000        0x0 ./detector.o
 .bss           0x00000000        0x0 ./detector.o
 .bss.timer_cnt
                0x00000000        0x1 ./detector.o
 .text          0x00000000        0x0 d:/programs/eclipse_c/avr_tools/bin/../lib/gcc/avr/4.8.1/avr5\libgcc.a(_exit.o)
 .data          0x00000000        0x0 d:/programs/eclipse_c/avr_tools/bin/../lib/gcc/avr/4.8.1/avr5\libgcc.a(_exit.o)
 .bss           0x00000000        0x0 d:/programs/eclipse_c/avr_tools/bin/../lib/gcc/avr/4.8.1/avr5\libgcc.a(_exit.o)
 .text.libgcc.mul
                0x00000000        0x0 d:/programs/eclipse_c/avr_tools/bin/../lib/gcc/avr/4.8.1/avr5\libgcc.a(_exit.o)
 .text.libgcc.div
                0x00000000        0x0 d:/programs/eclipse_c/avr_tools/bin/../lib/gcc/avr/4.8.1/avr5\libgcc.a(_exit.o)
 .text.libgcc   0x00000000        0x0 d:/programs/eclipse_c/avr_tools/bin/../lib/gcc/avr/4.8.1/avr5\libgcc.a(_exit.o)
 .text.libgcc.prologue
                0x00000000        0x0 d:/programs/eclipse_c/avr_tools/bin/../lib/gcc/avr/4.8.1/avr5\libgcc.a(_exit.o)
 .text.libgcc.builtins
                0x00000000        0x0 d:/programs/eclipse_c/avr_tools/bin/../lib/gcc/avr/4.8.1/avr5\libgcc.a(_exit.o)
 .text.libgcc.fmul
                0x00000000        0x0 d:/programs/eclipse_c/avr_tools/bin/../lib/gcc/avr/4.8.1/avr5\libgcc.a(_exit.o)
 .text.libgcc.fixed
                0x00000000        0x0 d:/programs/eclipse_c/avr_tools/bin/../lib/gcc/avr/4.8.1/avr5\libgcc.a(_exit.o)
 .text          0x00000000        0x0 d:/programs/eclipse_c/avr_tools/bin/../lib/gcc/avr/4.8.1/avr5\libgcc.a(_tablejump.o)
 .data          0x00000000        0x0 d:/programs/eclipse_c/avr_tools/bin/../lib/gcc/avr/4.8.1/avr5\libgcc.a(_tablejump.o)
 .bss           0x00000000        0x0 d:/programs/eclipse_c/avr_tools/bin/../lib/gcc/avr/4.8.1/avr5\libgcc.a(_tablejump.o)
 .text.libgcc.mul
                0x00000000        0x0 d:/programs/eclipse_c/avr_tools/bin/../lib/gcc/avr/4.8.1/avr5\libgcc.a(_tablejump.o)
 .text.libgcc.div
                0x00000000        0x0 d:/programs/eclipse_c/avr_tools/bin/../lib/gcc/avr/4.8.1/avr5\libgcc.a(_tablejump.o)
 .text.libgcc.prologue
                0x00000000        0x0 d:/programs/eclipse_c/avr_tools/bin/../lib/gcc/avr/4.8.1/avr5\libgcc.a(_tablejump.o)
 .text.libgcc.builtins
                0x00000000        0x0 d:/programs/eclipse_c/avr_tools/bin/../lib/gcc/avr/4.8.1/avr5\libgcc.a(_tablejump.o)
 .text.libgcc.fmul
                0x00000000        0x0 d:/programs/eclipse_c/avr_tools/bin/../lib/gcc/avr/4.8.1/avr5\libgcc.a(_tablejump.o)
 .text.libgcc.fixed
                0x00000000        0x0 d:/programs/eclipse_c/avr_tools/bin/../lib/gcc/avr/4.8.1/avr5\libgcc.a(_tablejump.o)
 .text          0x00000000        0x0 d:/programs/eclipse_c/avr_tools/bin/../lib/gcc/avr/4.8.1/avr5\libgcc.a(_copy_data.o)
 .data          0x00000000        0x0 d:/programs/eclipse_c/avr_tools/bin/../lib/gcc/avr/4.8.1/avr5\libgcc.a(_copy_data.o)
 .bss           0x00000000        0x0 d:/programs/eclipse_c/avr_tools/bin/../lib/gcc/avr/4.8.1/avr5\libgcc.a(_copy_data.o)
 .text.libgcc.mul
                0x00000000        0x0 d:/programs/eclipse_c/avr_tools/bin/../lib/gcc/avr/4.8.1/avr5\libgcc.a(_copy_data.o)
 .text.libgcc.div
                0x00000000        0x0 d:/programs/eclipse_c/avr_tools/bin/../lib/gcc/avr/4.8.1/avr5\libgcc.a(_copy_data.o)
 .text.libgcc   0x00000000        0x0 d:/programs/eclipse_c/avr_tools/bin/../lib/gcc/avr/4.8.1/avr5\libgcc.a(_copy_data.o)
 .text.libgcc.prologue
                0x00000000        0x0 d:/programs/eclipse_c/avr_tools/bin/../lib/gcc/avr/4.8.1/avr5\libgcc.a(_copy_data.o)
 .text.libgcc.builtins
                0x00000000        0x0 d:/programs/eclipse_c/avr_tools/bin/../lib/gcc/avr/4.8.1/avr5\libgcc.a(_copy_data.o)
 .text.libgcc.fmul
                0x00000000        0x0 d:/programs/eclipse_c/avr_tools/bin/../lib/gcc/avr/4.8.1/avr5\libgcc.a(_copy_data.o)
 .text.libgcc.fixed
                0x00000000        0x0 d:/programs/eclipse_c/avr_tools/bin/../lib/gcc/avr/4.8.1/avr5\libgcc.a(_copy_data.o)
 .text          0x00000000        0x0 d:/programs/eclipse_c/avr_tools/bin/../lib/gcc/avr/4.8.1/avr5\libgcc.a(_clear_bss.o)
 .data          0x00000000        0x0 d:/programs/eclipse_c/avr_tools/bin/../lib/gcc/avr/4.8.1/avr5\libgcc.a(_clear_bss.o)
 .bss           0x00000000        0x0 d:/programs/eclipse_c/avr_tools/bin/../lib/gcc/avr/4.8.1/avr5\libgcc.a(_clear_bss.o)
 .text.libgcc.mul
                0x00000000        0x0 d:/programs/eclipse_c/avr_tools/bin/../lib/gcc/avr/4.8.1/avr5\libgcc.a(_clear_bss.o)
 .text.libgcc.div
                0x00000000        0x0 d:/programs/eclipse_c/avr_tools/bin/../lib/gcc/avr/4.8.1/avr5\libgcc.a(_clear_bss.o)
 .text.libgcc   0x00000000        0x0 d:/programs/eclipse_c/avr_tools/bin/../lib/gcc/avr/4.8.1/avr5\libgcc.a(_clear_bss.o)
 .text.libgcc.prologue
                0x00000000        0x0 d:/programs/eclipse_c/avr_tools/bin/../lib/gcc/avr/4.8.1/avr5\libgcc.a(_clear_bss.o)
 .text.libgcc.builtins
                0x00000000        0x0 d:/programs/eclipse_c/avr_tools/bin/../lib/gcc/avr/4.8.1/avr5\libgcc.a(_clear_bss.o)
 .text.libgcc.fmul
                0x00000000        0x0 d:/programs/eclipse_c/avr_tools/bin/../lib/gcc/avr/4.8.1/avr5\libgcc.a(_clear_bss.o)
 .text.libgcc.fixed
                0x00000000        0x0 d:/programs/eclipse_c/avr_tools/bin/../lib/gcc/avr/4.8.1/avr5\libgcc.a(_clear_bss.o)

Memory Configuration

Name             Origin             Length             Attributes
text             0x00000000         0x00020000         xr
data             0x00800060         0x0000ffa0         rw !x
eeprom           0x00810000         0x00010000         rw !x
fuse             0x00820000         0x00000400         rw !x
lock             0x00830000         0x00000400         rw !x
signature        0x00840000         0x00000400         rw !x
user_signatures  0x00850000         0x00000400         rw !x
*default*        0x00000000         0xffffffff

Linker script and memory map

LOAD d:/programs/eclipse_c/avr_tools/bin/../lib/gcc/avr/4.8.1/../../../../avr/lib/avr5/crtm16.o
LOAD ./detector.o
LOAD d:/programs/eclipse_c/avr_tools/bin/../lib/gcc/avr/4.8.1/avr5\libgcc.a
LOAD d:/programs/eclipse_c/avr_tools/bin/../lib/gcc/avr/4.8.1/../../../../avr/lib/avr5\libm.a
START GROUP
LOAD d:/programs/eclipse_c/avr_tools/bin/../lib/gcc/avr/4.8.1/avr5\libgcc.a
LOAD d:/programs/eclipse_c/avr_tools/bin/../lib/gcc/avr/4.8.1/../../../../avr/lib/avr5\libm.a
LOAD d:/programs/eclipse_c/avr_tools/bin/../lib/gcc/avr/4.8.1/../../../../avr/lib/avr5\libc.a
END GROUP

.hash
 *(.hash)

.dynsym
 *(.dynsym)

.dynstr
 *(.dynstr)

.gnu.version
 *(.gnu.version)

.gnu.version_d
 *(.gnu.version_d)

.gnu.version_r
 *(.gnu.version_r)

.rel.init
 *(.rel.init)

.rela.init
 *(.rela.init)

.rel.text
 *(.rel.text)
 *(.rel.text.*)
 *(.rel.gnu.linkonce.t*)

.rela.text
 *(.rela.text)
 *(.rela.text.*)
 *(.rela.gnu.linkonce.t*)

.rel.fini
 *(.rel.fini)

.rela.fini
 *(.rela.fini)

.rel.rodata
 *(.rel.rodata)
 *(.rel.rodata.*)
 *(.rel.gnu.linkonce.r*)

.rela.rodata
 *(.rela.rodata)
 *(.rela.rodata.*)
 *(.rela.gnu.linkonce.r*)

.rel.data
 *(.rel.data)
 *(.rel.data.*)
 *(.rel.gnu.linkonce.d*)

.rela.data
 *(.rela.data)
 *(.rela.data.*)
 *(.rela.gnu.linkonce.d*)

.rel.ctors
 *(.rel.ctors)

.rela.ctors
 *(.rela.ctors)

.rel.dtors
 *(.rel.dtors)

.rela.dtors
 *(.rela.dtors)

.rel.got
 *(.rel.got)

.rela.got
 *(.rela.got)

.rel.bss
 *(.rel.bss)

.rela.bss
 *(.rela.bss)

.rel.plt
 *(.rel.plt)

.rela.plt
 *(.rela.plt)

.text           0x00000000      0x34c
 *(.vectors)
 .vectors       0x00000000       0x54 d:/programs/eclipse_c/avr_tools/bin/../lib/gcc/avr/4.8.1/../../../../avr/lib/avr5/crtm16.o
                0x00000000                __vector_default
                0x00000000                __vectors
 *(.vectors)
 *(.progmem.gcc*)
 .progmem.gcc_sw_table.__vector_9
                0x00000054       0x12 ./detector.o
                0x00000066                . = ALIGN (0x2)
                0x00000066                __trampolines_start = .
 *(.trampolines)
 .trampolines   0x00000066        0x0 linker stubs
 *(.trampolines*)
                0x00000066                __trampolines_end = .
 *(.progmem*)
                0x00000066                . = ALIGN (0x2)
 *(.jumptables)
 *(.jumptables*)
 *(.lowtext)
 *(.lowtext*)
                0x00000066                __ctors_start = .
 *(.ctors)
                0x00000066                __ctors_end = .
                0x00000066                __dtors_start = .
 *(.dtors)
                0x00000066                __dtors_end = .
 SORT(*)(.ctors)
 SORT(*)(.dtors)
 *(.init0)
 .init0         0x00000066        0x0 d:/programs/eclipse_c/avr_tools/bin/../lib/gcc/avr/4.8.1/../../../../avr/lib/avr5/crtm16.o
                0x00000066                __init
 *(.init0)
 *(.init1)
 *(.init1)
 *(.init2)
 .init2         0x00000066        0xc d:/programs/eclipse_c/avr_tools/bin/../lib/gcc/avr/4.8.1/../../../../avr/lib/avr5/crtm16.o
 *(.init2)
 *(.init3)
 *(.init3)
 *(.init4)
 .init4         0x00000072       0x16 d:/programs/eclipse_c/avr_tools/bin/../lib/gcc/avr/4.8.1/avr5\libgcc.a(_copy_data.o)
                0x00000072                __do_copy_data
 .init4         0x00000088       0x10 d:/programs/eclipse_c/avr_tools/bin/../lib/gcc/avr/4.8.1/avr5\libgcc.a(_clear_bss.o)
                0x00000088                __do_clear_bss
 *(.init4)
 *(.init5)
 *(.init5)
 *(.init6)
 *(.init6)
 *(.init7)
 *(.init7)
 *(.init8)
 *(.init8)
 *(.init9)
 .init9         0x00000098        0x4 d:/programs/eclipse_c/avr_tools/bin/../lib/gcc/avr/4.8.1/../../../../avr/lib/avr5/crtm16.o
 *(.init9)
 *(.text)
 .text          0x0000009c        0x2 d:/programs/eclipse_c/avr_tools/bin/../lib/gcc/avr/4.8.1/../../../../avr/lib/avr5/crtm16.o
                0x0000009c                __vector_12
                0x0000009c                __bad_interrupt
                0x0000009c                __vector_6
                0x0000009c                __vector_3
                0x0000009c                __vector_11
                0x0000009c                __vector_13
                0x0000009c                __vector_17
                0x0000009c                __vector_19
                0x0000009c                __vector_7
                0x0000009c                __vector_5
                0x0000009c                __vector_4
                0x0000009c                __vector_15
                0x0000009c                __vector_8
                0x0000009c                __vector_14
                0x0000009c                __vector_10
                0x0000009c                __vector_16
                0x0000009c                __vector_18
                0x0000009c                __vector_20
                0x0000009e                . = ALIGN (0x2)
 *(.text.*)
 .text._Z14configure_pinsv
                0x0000009e       0x1c ./detector.o
                0x0000009e                _Z14configure_pinsv
 .text._Z15configure_timerv
                0x000000ba        0xc ./detector.o
                0x000000ba                _Z15configure_timerv
 .text._Z7counterhh
                0x000000c6       0x24 ./detector.o
                0x000000c6                _Z7counterhh
 .text._Z13delay_counterhh
                0x000000ea       0x24 ./detector.o
                0x000000ea                _Z13delay_counterhh
 .text._Z11pwm_counterhh
                0x0000010e       0x24 ./detector.o
                0x0000010e                _Z11pwm_counterhh
 .text.__vector_1
                0x00000132       0x22 ./detector.o
                0x00000132                __vector_1
 .text.__vector_2
                0x00000154       0x22 ./detector.o
                0x00000154                __vector_2
 .text.__vector_9
                0x00000176      0x1ac ./detector.o
                0x00000176                __vector_9
 .text.main     0x00000322       0x1a ./detector.o
                0x00000322                main
 .text.libgcc   0x0000033c        0xc d:/programs/eclipse_c/avr_tools/bin/../lib/gcc/avr/4.8.1/avr5\libgcc.a(_tablejump.o)
                0x0000033c                __tablejump2__
                0x00000340                __tablejump__
                0x00000348                . = ALIGN (0x2)
 *(.fini9)
 .fini9         0x00000348        0x0 d:/programs/eclipse_c/avr_tools/bin/../lib/gcc/avr/4.8.1/avr5\libgcc.a(_exit.o)
                0x00000348                _exit
                0x00000348                exit
 *(.fini9)
 *(.fini8)
 *(.fini8)
 *(.fini7)
 *(.fini7)
 *(.fini6)
 *(.fini6)
 *(.fini5)
 *(.fini5)
 *(.fini4)
 *(.fini4)
 *(.fini3)
 *(.fini3)
 *(.fini2)
 *(.fini2)
 *(.fini1)
 *(.fini1)
 *(.fini0)
 .fini0         0x00000348        0x4 d:/programs/eclipse_c/avr_tools/bin/../lib/gcc/avr/4.8.1/avr5\libgcc.a(_exit.o)
 *(.fini0)
                0x0000034c                _etext = .

.data           0x00800060        0x4 load address 0x0000034c
                0x00800060                PROVIDE (__data_start, .)
 *(.data)
 *(.data*)
 .data.desired_speed_right
                0x00800060        0x1 ./detector.o
                0x00800060                desired_speed_right
 .data.desired_speed_left
                0x00800061        0x1 ./detector.o
                0x00800061                desired_speed_left
 .data.right_wh
                0x00800062        0x1 ./detector.o
                0x00800062                right_wh
 .data.left_wh  0x00800063        0x1 ./detector.o
                0x00800063                left_wh
 *(.rodata)
 *(.rodata*)
 *(.gnu.linkonce.d*)
                0x00800064                . = ALIGN (0x2)
                0x00800064                _edata = .
                0x00800064                PROVIDE (__data_end, .)

.bss            0x00800064        0xd
                0x00800064                PROVIDE (__bss_start, .)
 *(.bss)
 *(.bss*)
 .bss.pwm_right
                0x00800064        0x1 ./detector.o
                0x00800064                pwm_right
 .bss.pwm_left  0x00800065        0x1 ./detector.o
                0x00800065                pwm_left
 .bss.speed_right
                0x00800066        0x1 ./detector.o
                0x00800066                speed_right
 .bss.speed_left
                0x00800067        0x1 ./detector.o
                0x00800067                speed_left
 .bss.speed_cnt_right
                0x00800068        0x1 ./detector.o
                0x00800068                speed_cnt_right
 .bss.speed_cnt_left
                0x00800069        0x1 ./detector.o
                0x00800069                speed_cnt_left
 .bss.right_engine_run
                0x0080006a        0x1 ./detector.o
                0x0080006a                right_engine_run
 .bss.left_engine_run
                0x0080006b        0x1 ./detector.o
                0x0080006b                left_engine_run
 .bss.cnt2      0x0080006c        0x1 ./detector.o
                0x0080006c                cnt2
 .bss.cnt1      0x0080006d        0x1 ./detector.o
                0x0080006d                cnt1
 .bss.cnt0      0x0080006e        0x1 ./detector.o
                0x0080006e                cnt0
 .bss.detector  0x0080006f        0x1 ./detector.o
                0x0080006f                detector
 .bss.cmd       0x00800070        0x1 ./detector.o
                0x00800070                cmd
 *(COMMON)
                0x00800071                PROVIDE (__bss_end, .)
                0x0000034c                __data_load_start = LOADADDR (.data)
                0x00000350                __data_load_end = (__data_load_start + SIZEOF (.data))

.noinit         0x00800071        0x0
                0x00800071                PROVIDE (__noinit_start, .)
 *(.noinit*)
                0x00800071                PROVIDE (__noinit_end, .)
                0x00800071                _end = .
                0x00800071                PROVIDE (__heap_start, .)

.eeprom         0x00810000        0x0
 *(.eeprom*)
                0x00810000                __eeprom_end = .

.fuse
 *(.fuse)
 *(.lfuse)
 *(.hfuse)
 *(.efuse)

.lock
 *(.lock*)

.signature
 *(.signature*)

.user_signatures
 *(.user_signatures*)

.stab           0x00000000      0xa50
 *(.stab)
 .stab          0x00000000      0xa50 ./detector.o

.stabstr        0x00000000      0xe78
 *(.stabstr)
 .stabstr       0x00000000      0xe78 ./detector.o

.stab.excl
 *(.stab.excl)

.stab.exclstr
 *(.stab.exclstr)

.stab.index
 *(.stab.index)

.stab.indexstr
 *(.stab.indexstr)

.comment        0x00000000       0x30
 *(.comment)
 .comment       0x00000000       0x30 ./detector.o
                                 0x31 (size before relaxing)

.note.gnu.build-id
 *(.note.gnu.build-id)

.debug
 *(.debug)

.line
 *(.line)

.debug_srcinfo
 *(.debug_srcinfo)

.debug_sfnames
 *(.debug_sfnames)

.debug_aranges
 *(.debug_aranges)

.debug_pubnames
 *(.debug_pubnames)

.debug_info
 *(.debug_info .gnu.linkonce.wi.*)

.debug_abbrev
 *(.debug_abbrev)

.debug_line
 *(.debug_line .debug_line.* .debug_line_end)

.debug_frame
 *(.debug_frame)

.debug_str
 *(.debug_str)

.debug_loc
 *(.debug_loc)

.debug_macinfo
 *(.debug_macinfo)

.debug_weaknames
 *(.debug_weaknames)

.debug_funcnames
 *(.debug_funcnames)

.debug_typenames
 *(.debug_typenames)

.debug_varnames
 *(.debug_varnames)

.debug_pubtypes
 *(.debug_pubtypes)

.debug_ranges
 *(.debug_ranges)

.debug_macro
 *(.debug_macro)
OUTPUT(AVR_car.elf elf32-avr)
LOAD linker stubs

Cross Reference Table

Symbol                                            File
__bad_interrupt                                   d:/programs/eclipse_c/avr_tools/bin/../lib/gcc/avr/4.8.1/../../../../avr/lib/avr5/crtm16.o
__bss_end                                         d:/programs/eclipse_c/avr_tools/bin/../lib/gcc/avr/4.8.1/avr5\libgcc.a(_clear_bss.o)
__bss_start                                       d:/programs/eclipse_c/avr_tools/bin/../lib/gcc/avr/4.8.1/avr5\libgcc.a(_clear_bss.o)
__data_end                                        d:/programs/eclipse_c/avr_tools/bin/../lib/gcc/avr/4.8.1/avr5\libgcc.a(_copy_data.o)
__data_load_start                                 d:/programs/eclipse_c/avr_tools/bin/../lib/gcc/avr/4.8.1/avr5\libgcc.a(_copy_data.o)
__data_start                                      d:/programs/eclipse_c/avr_tools/bin/../lib/gcc/avr/4.8.1/avr5\libgcc.a(_copy_data.o)
__do_clear_bss                                    d:/programs/eclipse_c/avr_tools/bin/../lib/gcc/avr/4.8.1/avr5\libgcc.a(_clear_bss.o)
                                                  ./detector.o
__do_copy_data                                    d:/programs/eclipse_c/avr_tools/bin/../lib/gcc/avr/4.8.1/avr5\libgcc.a(_copy_data.o)
                                                  ./detector.o
__heap_end                                        d:/programs/eclipse_c/avr_tools/bin/../lib/gcc/avr/4.8.1/../../../../avr/lib/avr5/crtm16.o
__init                                            d:/programs/eclipse_c/avr_tools/bin/../lib/gcc/avr/4.8.1/../../../../avr/lib/avr5/crtm16.o
__stack                                           d:/programs/eclipse_c/avr_tools/bin/../lib/gcc/avr/4.8.1/../../../../avr/lib/avr5/crtm16.o
__tablejump2__                                    d:/programs/eclipse_c/avr_tools/bin/../lib/gcc/avr/4.8.1/avr5\libgcc.a(_tablejump.o)
                                                  ./detector.o
__tablejump__                                     d:/programs/eclipse_c/avr_tools/bin/../lib/gcc/avr/4.8.1/avr5\libgcc.a(_tablejump.o)
__vector_1                                        ./detector.o
                                                  d:/programs/eclipse_c/avr_tools/bin/../lib/gcc/avr/4.8.1/../../../../avr/lib/avr5/crtm16.o
__vector_10                                       d:/programs/eclipse_c/avr_tools/bin/../lib/gcc/avr/4.8.1/../../../../avr/lib/avr5/crtm16.o
__vector_11                                       d:/programs/eclipse_c/avr_tools/bin/../lib/gcc/avr/4.8.1/../../../../avr/lib/avr5/crtm16.o
__vector_12                                       d:/programs/eclipse_c/avr_tools/bin/../lib/gcc/avr/4.8.1/../../../../avr/lib/avr5/crtm16.o
__vector_13                                       d:/programs/eclipse_c/avr_tools/bin/../lib/gcc/avr/4.8.1/../../../../avr/lib/avr5/crtm16.o
__vector_14                                       d:/programs/eclipse_c/avr_tools/bin/../lib/gcc/avr/4.8.1/../../../../avr/lib/avr5/crtm16.o
__vector_15                                       d:/programs/eclipse_c/avr_tools/bin/../lib/gcc/avr/4.8.1/../../../../avr/lib/avr5/crtm16.o
__vector_16                                       d:/programs/eclipse_c/avr_tools/bin/../lib/gcc/avr/4.8.1/../../../../avr/lib/avr5/crtm16.o
__vector_17                                       d:/programs/eclipse_c/avr_tools/bin/../lib/gcc/avr/4.8.1/../../../../avr/lib/avr5/crtm16.o
__vector_18                                       d:/programs/eclipse_c/avr_tools/bin/../lib/gcc/avr/4.8.1/../../../../avr/lib/avr5/crtm16.o
__vector_19                                       d:/programs/eclipse_c/avr_tools/bin/../lib/gcc/avr/4.8.1/../../../../avr/lib/avr5/crtm16.o
__vector_2                                        ./detector.o
                                                  d:/programs/eclipse_c/avr_tools/bin/../lib/gcc/avr/4.8.1/../../../../avr/lib/avr5/crtm16.o
__vector_20                                       d:/programs/eclipse_c/avr_tools/bin/../lib/gcc/avr/4.8.1/../../../../avr/lib/avr5/crtm16.o
__vector_3                                        d:/programs/eclipse_c/avr_tools/bin/../lib/gcc/avr/4.8.1/../../../../avr/lib/avr5/crtm16.o
__vector_4                                        d:/programs/eclipse_c/avr_tools/bin/../lib/gcc/avr/4.8.1/../../../../avr/lib/avr5/crtm16.o
__vector_5                                        d:/programs/eclipse_c/avr_tools/bin/../lib/gcc/avr/4.8.1/../../../../avr/lib/avr5/crtm16.o
__vector_6                                        d:/programs/eclipse_c/avr_tools/bin/../lib/gcc/avr/4.8.1/../../../../avr/lib/avr5/crtm16.o
__vector_7                                        d:/programs/eclipse_c/avr_tools/bin/../lib/gcc/avr/4.8.1/../../../../avr/lib/avr5/crtm16.o
__vector_8                                        d:/programs/eclipse_c/avr_tools/bin/../lib/gcc/avr/4.8.1/../../../../avr/lib/avr5/crtm16.o
__vector_9                                        ./detector.o
                                                  d:/programs/eclipse_c/avr_tools/bin/../lib/gcc/avr/4.8.1/../../../../avr/lib/avr5/crtm16.o
__vector_default                                  d:/programs/eclipse_c/avr_tools/bin/../lib/gcc/avr/4.8.1/../../../../avr/lib/avr5/crtm16.o
__vectors                                         d:/programs/eclipse_c/avr_tools/bin/../lib/gcc/avr/4.8.1/../../../../avr/lib/avr5/crtm16.o
_exit                                             d:/programs/eclipse_c/avr_tools/bin/../lib/gcc/avr/4.8.1/avr5\libgcc.a(_exit.o)
cmd                                               ./detector.o
cnt0                                              ./detector.o
cnt1                                              ./detector.o
cnt2                                              ./detector.o
configure_pins()                                  ./detector.o
configure_timer()                                 ./detector.o
counter(unsigned char, unsigned char)             ./detector.o
delay_counter(unsigned char, unsigned char)       ./detector.o
desired_speed_left                                ./detector.o
desired_speed_right                               ./detector.o
detector                                          ./detector.o
exit                                              d:/programs/eclipse_c/avr_tools/bin/../lib/gcc/avr/4.8.1/avr5\libgcc.a(_exit.o)
                                                  d:/programs/eclipse_c/avr_tools/bin/../lib/gcc/avr/4.8.1/../../../../avr/lib/avr5/crtm16.o
left_engine_run                                   ./detector.o
left_wh                                           ./detector.o
main                                              ./detector.o
                                                  d:/programs/eclipse_c/avr_tools/bin/../lib/gcc/avr/4.8.1/../../../../avr/lib/avr5/crtm16.o
pwm_counter(unsigned char, unsigned char)         ./detector.o
pwm_left                                          ./detector.o
pwm_right                                         ./detector.o
right_engine_run                                  ./detector.o
right_wh                                          ./detector.o
speed_cnt_left                                    ./detector.o
speed_cnt_right                                   ./detector.o
speed_left                                        ./detector.o
speed_right                                       ./detector.o
timer_cnt                                         ./detector.o
